// Jest Snapshot v1, https://goo.gl/fbAQLP

exports[`Categories Component renders properly 1`] = `
<div
  className="Categories"
/>
`;
