// Jest Snapshot v1, https://goo.gl/fbAQLP

exports[`DetailPage Component renders properly 1`] = `<div />`;
