// Jest Snapshot v1, https://goo.gl/fbAQLP

exports[`Header Component renders properly 1`] = `
<div
  className="App"
>
  <Header />
  <main
    className="App__main container"
  />
  <Footer />
</div>
`;
